
> temp_app@0.1.0 build
> next build

   Ôû▓ Next.js 15.5.9
   - Environments: .env
   - Experiments (use with caution):
     ┬À optimizePackageImports

   Creating an optimized production build ...
node.exe : Failed to 
compile.
Au caractère Ligne:1 : 1
+ & "C:\Program 
Files\nodejs/node.exe" 
"C:\Program 
Files\nodejs/node_mo ...
+ ~~~~~~~~~~~~~~~~~~~~~~~
~~~~~~~~~~~~~~~~~~~~~~~~~
~~~~~~~~~~~~~~~~~~~~~
    + CategoryInfo       
       : NotSpecified:   
  (Failed to compile.:   
 String) [], RemoteEx    
ception
    + FullyQualifiedErro 
   rId : NativeCommandE  
  rror
 

./src/lib/template-action
s.ts
Error:   [31mx[0m 
Server Actions must be 
async functions.

     ,-[[36;1;4mC:\Users
\melin\Documents\tftftf\s
rc\lib\template-actions.t
s[0m:315:1]
 [2m312[0m | /**
 [2m313[0m |  * Get 
template preview HTML
 [2m314[0m |  */
 [2m315[0m | export 
function getTemplatePrevi
ewHtml(template: 
ShopifyTemplate): string 
{
     : [35;1m           
     ^^^^^^^^^^^^^^^^^^^^
^^[0m
 [2m316[0m |   const { 
themeColor, accentColor, 
fontFamily, name, layout 
} = template;
 [2m317[0m | 
 [2m317[0m |   return `
     `----

Import trace for 
requested module:
./src/lib/template-action
s.ts
./src/app/[locale]/dashbo
ard/templates/TemplatesCl
ient.tsx

./src/lib/template-action
s.ts
Error:   [31mx[0m 
Server Actions must be 
async functions.

     ,-[[36;1;4mC:\Users
\melin\Documents\tftftf\s
rc\lib\template-actions.t
s[0m:315:1]
 [2m312[0m | /**
 [2m313[0m |  * Get 
template preview HTML
 [2m314[0m |  */
 [2m315[0m | export 
function getTemplatePrevi
ewHtml(template: 
ShopifyTemplate): string 
{
     : [35;1m           
     ^^^^^^^^^^^^^^^^^^^^
^^[0m
 [2m316[0m |   const { 
themeColor, accentColor, 
fontFamily, name, layout 
} = template;
 [2m317[0m | 
 [2m317[0m |   return `
     `----

Import trace for 
requested module:
./src/lib/template-action
s.ts
./src/app/[locale]/dashbo
ard/templates/page.tsx


> Build failed because 
of webpack errors
